INFO    : Staging deployment according to strategy static
INFO    : Staging `talk` at `/workspaces/colloquium-pretext-slides/output/stage`.
INFO    : Staging custom static site located in `/workspaces/colloquium-pretext-slides/site` at `/workspaces/colloquium-pretext-slides/output/stage`.
INFO    : Deployment is now staged at `/workspaces/colloquium-pretext-slides/output/stage`.
INFO    : Preparing to deploy from active `main` git branch.

INFO    : Changes to project source since last commit detected.
WARNING : Don't forget to either add and commit the changes to your source with git, or run `pretext deploy -u` to have these changes updated automatically.
WARNING : Just deploying your built project will not save changes to your source on GitHub.`
INFO    : Committing your latest build to the `gh-pages` branch.
INFO    : 
INFO    : Attempting to connect to remote repository at `https://github.com/mahmadi-ops/colloquium-pretext-slides.git`...
INFO    : Latest build successfully pushed to GitHub!

INFO    : To enable GitHub Pages, visit
INFO    :     https://github.com/mahmadi-ops/colloquium-pretext-slides/settings/pages
INFO    : selecting the `gh-pages` branch with the `/ (root)` folder.

INFO    : Visit
INFO    :     https://github.com/mahmadi-ops/colloquium-pretext-slides/actions/
INFO    : to check on the status of your GitHub Pages deployment.

INFO    : Your built project will soon be available to the public at:
INFO    :     https://mahmadi-ops.github.io/colloquium-pretext-slides/
